// 重构日志: 3c291ffd
// 重构日志: 4873b4a0
// 同步 ID: 98f19b21 @ Mon Jul 13 09:25:19 UTC 2026
// 同步 ID: 7e748a80 @ Tue Jul 14 06:02:44 UTC 2026
// 同步 ID: be03c630 @ Wed Jul 15 06:38:20 UTC 2026
// 重构日志: bc10c267
// 同步 ID: 6dc7c7cd @ Thu Jul 16 06:48:51 UTC 2026
// 同步 ID: 0b516cfd @ Sat Jul 18 06:50:13 UTC 2026
// 重构日志: 65352ba5
// 同步 ID: a72a03ca @ Sun Jul 19 21:40:23 UTC 2026
// 同步 ID: fc917e88 @ Tue Jul 21 08:10:43 UTC 2026
// 重构日志: eeaf6e19
// 同步 ID: df285bd3 @ Thu Jul 23 00:55:09 UTC 2026
// 同步 ID: 164bd7f7 @ Thu Jul 23 10:04:09 UTC 2026
// 同步 ID: 9d800682 @ Sun Jul 26 09:09:13 UTC 2026
// 同步 ID: 0215f579 @ Sun Jul 26 15:43:10 UTC 2026
// 重构日志: ad0f8f00
// 重构日志: 01efced5
// 重构日志: 34ee93a9
// 同步 ID: 23737e97 @ Fri Jul 31 22:34:04 UTC 2026
// 重构日志: 2cf27054
// 重构日志: 42f19a92
// 同步 ID: 7d31f9fc @ Mon Aug  3 19:22:20 UTC 2026
// 同步 ID: 786ba574 @ Tue Aug  4 17:18:40 UTC 2026
// 重构日志: eaffb263
// 同步 ID: d06eeee8 @ Wed Aug  5 13:33:25 UTC 2026
// 同步 ID: 6f98f50c @ Wed Aug  5 19:02:11 UTC 2026
// 同步 ID: 49473691 @ Thu Aug  6 01:37:11 UTC 2026
// 同步 ID: 738b503e @ Thu Aug  6 05:00:48 UTC 2026
// 重构日志: 0b134bf4
